[36mvite v8.0.14 [32mbuilding client environment for production...[36m[39m
[2K
transforming...Γ£ô 457 modules transformed.
rendering chunks...
computing gzip size...
dist/index.html                                1.87 kB Γöé gzip:   0.75 kB
dist/assets/portrait-C19SypMk.jpg            514.18 kB
dist/assets/index-C-8o0HcL.css                35.67 kB Γöé gzip:   6.86 kB
dist/assets/certifications-DokFFnHU.js         0.99 kB Γöé gzip:   0.48 kB
dist/assets/SkillsPage-yCje88nI.js             1.04 kB Γöé gzip:   0.57 kB
dist/assets/projects-D0WV4KNG.js               1.10 kB Γöé gzip:   0.61 kB
dist/assets/ResumePage-CTf1HZG4.js             1.12 kB Γöé gzip:   0.63 kB
dist/assets/NotFoundPage-DNBq53uE.js           1.41 kB Γöé gzip:   0.60 kB
dist/assets/ProjectDetailPage-eu-2BLe8.js      1.54 kB Γöé gzip:   0.62 kB
dist/assets/CertificationsPage-B-YEO0zw.js     1.68 kB Γöé gzip:   0.69 kB
dist/assets/AboutPage-DOUpYju2.js              1.95 kB Γöé gzip:   0.89 kB
dist/assets/ProjectsPage-Cq-UW6T-.js           2.06 kB Γöé gzip:   0.93 kB
dist/assets/caseStudies-0Mw_4q6Z.js            2.20 kB Γöé gzip:   1.18 kB
dist/assets/CaseStudyDetailPage--L3HWuIV.js    2.22 kB Γöé gzip:   0.74 kB
dist/assets/CaseStudiesPage-oj2Rj9aJ.js        2.56 kB Γöé gzip:   0.84 kB
dist/assets/TestimonialsPage-G7dw7onc.js       2.71 kB Γöé gzip:   1.15 kB
dist/assets/CoCurricularPage-DlCCjqpV.js       3.37 kB Γöé gzip:   1.33 kB
dist/assets/ContactPage-H9GENa3s.js            3.65 kB Γöé gzip:   1.57 kB
dist/assets/HomePage-B1kln3mK.js               4.57 kB Γöé gzip:   1.56 kB
dist/assets/TimelinePage-Cni8rDgl.js           6.23 kB Γöé gzip:   2.42 kB
dist/assets/index-COUvmjcy.js                330.18 kB Γöé gzip: 105.85 kB

[32mΓ£ô built in 1.38s[39m
